╭──────────────────────────────────────────────────────────────────────────────────────────────────╮
│  bridge · bridge · Agents                                                                        │
│                                                                                                  │
│ ▸ ● interactive bridge [work]        busy    ~/repos/bridge               1h 0m                  │
│   ○ background  notes                idle    /opt/notes                   1h 0m                  │
╰──────────────────────────────────────────────────────────────────────────────────────────────────╯
↑↓ move · r refresh · esc back · q quit