╭──────────────────────────────────────────────────────────────────────────────────────────────────────────────────────╮
│  New repo · proj                                                                                                     │
│                                                                                                                      │
│ ▸ Forgejo · Private                                                                                                  │
│   Forgejo · Public                                                                                                   │
│   GitHub · Private                                                                                                   │
│   GitHub · Public                                                                                                    │
│                                                                                                                      │
│ ↑↓ pick · ⏎ create · esc back                                                                                        │
╰──────────────────────────────────────────────────────────────────────────────────────────────────────────────────────╯