╭──────────────────────────────────────────────────────────────────────────────────────────────────────────────────────╮
│  bridge nav · bridge                                                                                                 │
│                                                                                                                      │
│ /r                                                                                                                   │
╰──────────────────────────────────────────────────────────────────────────────────────────────────────────────────────╯
╭────────────────────────────────────────────────╮╭────────────────────────────────────────────────────────────────────╮
│  Sessions & Worktrees                          ││  Branches                                                          │
│                                                ││                                                                    │
│ ▸ · ★ main             —       ✓ clean         ││ ⣾  loading…                                                        │
│   · fix-x              —       ✓ clean         │╰────────────────────────────────────────────────────────────────────╯
│                                                │╭────────────────────────────────────────────────────────────────────╮
│   + Create new worktree…                       ││  Recent commits                                                    │
│                                                ││                                                                    │
│                                                ││ ⣾  loading…                                                        │
│                                                │╰────────────────────────────────────────────────────────────────────╯
│                                                │╭────────────────────────────────────────────────────────────────────╮
│                                                ││  Git status                                                        │
│                                                ││                                                                    │
│                                                ││ ⣾  loading…                                                        │
╰────────────────────────────────────────────────╯╰────────────────────────────────────────────────────────────────────╯
↑↓ move · tab panes · ⏎ attach/launch · n new worktree · ? legend · esc back · q quit