╭──────────────────────────────────────────────────────────────────────────────────────────────────────────────────────╮
│  Repos   ⣾  loading remote…                                                                                          │
│                                                                                                                      │
│ filter: filter…                                                                                                      │
│                                                                                                                      │
│ Recent                                                                                                               │
│   github/public/bridge                                                                                               │
│   github/public/agent-os                                                                                             │
│                                                                                                                      │
│   github/public/bridge                                                                                               │
│   github/public/agent-os                                                                                             │
╰──────────────────────────────────────────────────────────────────────────────────────────────────────────────────────╯
↑↓ move · g/G first/last · ⏎ open/attach · / filter · r/^r refresh · ctrl+n new · tab panes · ? legend · q quit