╭──────────────────────────────────────────────────────────────────────────────────────────────────────────────────────╮
│  Repos   ⣾  loading remote…                                                                                          │
│                                                                                                                      │
│ filter: filter…                                                                                                      │
│ forge:  [All]  GitHub  GitLab                                                                                        │
│                                                                                                                      │
│   github/public/bridge                                                                                               │
│   gitlab/o/agent                                                                                                     │
╰──────────────────────────────────────────────────────────────────────────────────────────────────────────────────────╯
↑↓ move · g/G first/last · ⏎ open/attach · / filter · r refresh · ctrl+n new · tab panes · ? legend · ctrl+f forge · q quit